gcc -g p4final.c
îº§ gdb a.out
GNU gdb (Ubuntu 8.1.1-0ubuntu1) 8.1.1
Copyright (C) 2018 Free Software Foundation, Inc.
License GPLv3+: GNU GPL version 3 or later <http://gnu.org/licenses/gpl.html>
This is free software: you are free to change and redistribute it.
There is NO WARRANTY, to the extent permitted by law.  Type "show copying"
and "show warranty" for details.
This GDB was configured as "x86_64-linux-gnu".
Type "show configuration" for configuration details.
For bug reporting instructions, please see:
<http://www.gnu.org/software/gdb/bugs/>.
Find the GDB manual and other documentation resources online at:
<http://www.gnu.org/software/gdb/documentation/>.
For help, type "help".
Type "apropos word" to search for commands related to "word"...
Reading symbols from a.out...done.
(gdb) b main
Breakpoint 1 at 0x8f8: file p4final.c, line 49.
(gdb) r
Starting program: /home/runner/IA2-Test1-Session2/a.out 
warning: Error disabling address space randomization: Operation not permitted

Breakpoint 1, main () at p4final.c:49
49  {
(gdb) n
50    int length = input_array_size();
(gdb) n
Enter the length of the array:
4
51    int data[length];
(gdb) n
52    input_array(length, data);
(gdb) n
Enter all values of the array:
5
6

7
7
53    int res = sum_composite_numbers(length, data);
(gdb) n
54    output(res);
(gdb) n
6
55    return 0;
(gdb) n
56  }(gdb) n
__libc_start_main (main=0x56436a6008e7 <main>, argc=1, argv=0x7fff8427dc68, 
    init=<optimized out>, fini=<optimized out>, rtld_fini=<optimized out>, 
    stack_end=0x7fff8427dc58) at ../csu/libc-start.c:344
344 ../csu/libc-start.c: No such file or directory.
(gdb) 